  console.log
    [TitanMailProvider] Inicializado com 3 contas: nao-responda@correct.com.br, ti@correct.com.br, suporte@correct.com.br

      at new TitanMailProvider (src/infra/providers/MailProvider/implementations/TitanMailProvider.ts:46:17)

  console.log
    [TitanMailProvider] Inicializado com 3 contas: nao-responda@correct.com.br, ti@correct.com.br, suporte@correct.com.br

      at new TitanMailProvider (src/infra/providers/MailProvider/implementations/TitanMailProvider.ts:46:17)

  console.log
    [TitanMailProvider] Inicializado com 3 contas: nao-responda@correct.com.br, ti@correct.com.br, suporte@correct.com.br

      at new TitanMailProvider (src/infra/providers/MailProvider/implementations/TitanMailProvider.ts:46:17)

  console.log
    [FakeStorage] Diretório de uploads fake local: /tmp/test-uploads-fake

      at new FakeStorage (src/infra/providers/storage/implementations/fake/fake.storage.ts:34:21)

  console.log
    [TitanMailProvider] Inicializado com 3 contas: nao-responda@correct.com.br, ti@correct.com.br, suporte@correct.com.br

      at new TitanMailProvider (src/infra/providers/MailProvider/implementations/TitanMailProvider.ts:46:17)

  console.log
    [TitanMailProvider] Inicializado com 3 contas: nao-responda@correct.com.br, ti@correct.com.br, suporte@correct.com.br

      at new TitanMailProvider (src/infra/providers/MailProvider/implementations/TitanMailProvider.ts:46:17)

  console.log
    [TitanMailProvider] Inicializado com 3 contas: nao-responda@correct.com.br, ti@correct.com.br, suporte@correct.com.br

      at new TitanMailProvider (src/infra/providers/MailProvider/implementations/TitanMailProvider.ts:46:17)

  console.log
    [TitanMailProvider] Inicializado com 3 contas: nao-responda@correct.com.br, ti@correct.com.br, suporte@correct.com.br

      at new TitanMailProvider (src/infra/providers/MailProvider/implementations/TitanMailProvider.ts:46:17)

  console.log
    [TitanMailProvider] Inicializado com 3 contas: nao-responda@correct.com.br, ti@correct.com.br, suporte@correct.com.br

      at new TitanMailProvider (src/infra/providers/MailProvider/implementations/TitanMailProvider.ts:46:17)

  console.log
    [TitanMailProvider] Inicializado com 3 contas: nao-responda@correct.com.br, ti@correct.com.br, suporte@correct.com.br

      at new TitanMailProvider (src/infra/providers/MailProvider/implementations/TitanMailProvider.ts:46:17)

  console.log
    [TitanMailProvider] Inicializado com 3 contas: nao-responda@correct.com.br, ti@correct.com.br, suporte@correct.com.br

      at new TitanMailProvider (src/infra/providers/MailProvider/implementations/TitanMailProvider.ts:46:17)

  console.log
    ✅ Conectado ao Redis com sucesso!

      at EventEmitter.<anonymous> (src/infra/redis/redis.client.ts:24:13)

FAIL src/tests/e2e/Transactions/get-partner-sales.e2e-spec.ts (40.601 s)
  E2E - Get Partner Sales (Minhas Vendas)
    ✕ should list partner sales with default pagination (limit 15) (231 ms)
    ✕ should list partner sales on page 2 (remaining 5 items) (88 ms)
    ✕ should fail if limit is invalid (33 ms)
    ✕ should only return sales from the authenticated partner (29 ms)

  ● E2E - Get Partner Sales (Minhas Vendas) › should list partner sales with default pagination (limit 15)

    expect(received).toBe(expected) // Object.is equality

    Expected: 200
    Received: 500

      136 |             .set('Authorization', `Bearer ${partnerAdminToken}`);
      137 |
    > 138 |         expect(response.status).toBe(200);
          |                                 ^
      139 |         expect(response.body).toHaveProperty('data');
      140 |         expect(response.body).toHaveProperty('meta');
      141 |         

      at Object.<anonymous> (src/tests/e2e/Transactions/get-partner-sales.e2e-spec.ts:138:33)

  ● E2E - Get Partner Sales (Minhas Vendas) › should list partner sales on page 2 (remaining 5 items)

    expect(received).toBe(expected) // Object.is equality

    Expected: 200
    Received: 500

      154 |             .set('Authorization', `Bearer ${partnerAdminToken}`);
      155 |
    > 156 |         expect(response.status).toBe(200);
          |                                 ^
      157 |         
      158 |         const { data, meta } = response.body;
      159 |

      at Object.<anonymous> (src/tests/e2e/Transactions/get-partner-sales.e2e-spec.ts:156:33)

  ● E2E - Get Partner Sales (Minhas Vendas) › should fail if limit is invalid

    expect(received).toBe(expected) // Object.is equality

    Expected: 400
    Received: 500

      168 |             .set('Authorization', `Bearer ${partnerAdminToken}`);
      169 |
    > 170 |         expect(response.status).toBe(400);
          |                                 ^
      171 |         expect(response.body.error).toContain('Invalid limit parameter');
      172 |     });
      173 |

      at Object.<anonymous> (src/tests/e2e/Transactions/get-partner-sales.e2e-spec.ts:170:33)

  ● E2E - Get Partner Sales (Minhas Vendas) › should only return sales from the authenticated partner

    expect(received).toBe(expected) // Object.is equality

    Expected: 200
    Received: 500

      177 |             .set('Authorization', `Bearer ${partnerAdminToken}`);
      178 |
    > 179 |         expect(response.status).toBe(200);
          |                                 ^
      180 |         const { data } = response.body;
      181 |
      182 |         // Ensure it doesn't return the transaction from 'otherBusinessInfoId'

      at Object.<anonymous> (src/tests/e2e/Transactions/get-partner-sales.e2e-spec.ts:179:33)

Test Suites: 1 failed, 1 total
Tests:       4 failed, 4 total
Snapshots:   0 total
Time:        41.692 s
Ran all test suites matching /src\/tests\/e2e\/Transactions\/get-partner-sales.e2e-spec.ts/i.
Jest did not exit one second after the test run has completed.

'This usually means that there are asynchronous operations that weren't stopped in your tests. Consider running Jest with `--detectOpenHandles` to troubleshoot this issue.
